      -----------------------------------------------------------      
     |                   =====================                   |     
     |                           x T B                           |     
     |                   =====================                   |     
     |                         S. Grimme                         |     
     |          Mulliken Center for Theoretical Chemistry        |     
     |                    University of Bonn                     |     
      -----------------------------------------------------------      

   * xtb version 6.4.1 (afa7bdf) compiled by 'ehlert@majestix' on 2021-06-10

...fake output file created just for tersting purposes

------------------------------------------------------------------------
 * finished run on 2025/08/20 at 10:59:36.698
------------------------------------------------------------------------
 total:
 * wall-time:     0 d,  0 h,  0 min,  0.159 sec
 *  cpu-time:     0 d,  0 h,  0 min,  1.159 sec
 * ratio c/w:     7.296 speedup
 SCF:
 * wall-time:     0 d,  0 h,  0 min,  0.084 sec
 *  cpu-time:     0 d,  0 h,  0 min,  0.783 sec
 * ratio c/w:     9.272 speedup

normal termination of xtb
