 argument  1 = M00000006_D_DFT.nw
                                         
                                         
 
 
              Northwest Computational Chemistry Package (NWChem) 6.6
              ------------------------------------------------------
 
 
                    Environmental Molecular Sciences Laboratory
                       Pacific Northwest National Laboratory
                                Richland, WA 99352
 
                              Copyright (c) 1994-2015
                       Pacific Northwest National Laboratory
                            Battelle Memorial Institute
 
             NWChem is an open-source computational chemistry package
                        distributed under the terms of the
                      Educational Community License (ECL) 2.0
             A copy of the license is included with this distribution
                              in the LICENSE.TXT file
 
                                  ACKNOWLEDGMENT
                                  --------------

            This software and its documentation were developed at the
            EMSL at Pacific Northwest National Laboratory, a multiprogram
            national laboratory, operated for the U.S. Department of Energy
            by Battelle under Contract Number DE-AC05-76RL01830. Support
            for this work was provided by the Department of Energy Office
            of Biological and Environmental Research, Office of Basic
            Energy Sciences, and the Office of Advanced Scientific Computing.


           Job information
           ---------------

    hostname        = c59-1.cluster
    program         = nwchem
    date            = Mon Jan 14 20:21:57 2019

    compiled        = Wed Feb 14 12:33:38 CET 2018
    source          = /tmp/eb-1jrHGw/tmp6lcjXZ-NWChem-6.6.revision27746
    nwchem branch   = 6.6
    nwchem revision = 27746
    ga revision     = 10594
    input           = M00000006_D_DFT.nw
    prefix          = M00000006_D_DFT.
    data base       = ./M00000006_D_DFT.db
    status          = startup
    nproc           =      512
    time left       =     -1s



           Memory information
           ------------------

    heap     =   55705600 doubles =    425.0 Mbytes
    stack    =   55705597 doubles =    425.0 Mbytes
    global   =  111411200 doubles =    850.0 Mbytes (distinct from heap & stack)
    total    =  222822397 doubles =   1700.0 Mbytes
    verify   = yes
    hardfail = no 


           Directory information
           ---------------------
 
  0 permanent = .
  0 scratch   = /cluster/work/users/marcof/244652/M00000006_D_DFT
 
 
 
 
                                NWChem Input Module
                                -------------------
 
 
  library name resolved from: environment
  library file name is: <
 /cluster/software/NWChem/6.6.revision27746-intel-2018a-2015-10-20-patches-20170
 814-Python-2.7.14/data/libraries/>
  
                      Basis "ao basis" -> "" (cartesian)
                      -----
  Cl (Chlorine)
  -------------
            Exponent  Coefficients 
       -------------- ---------------------------------------------------------
  1 S  2.23100000E+00 -0.490059
  1 S  4.72000000E-01  1.254268
 
  2 S  1.63100000E-01  1.000000
 
  3 P  6.29600000E+00 -0.063564
  3 P  6.33300000E-01  1.014135
 
  4 P  1.81900000E-01  1.000000
 
  S (Sulphur)
  -----------
            Exponent  Coefficients 
       -------------- ---------------------------------------------------------
  1 S  1.85000000E+00 -0.532434
  1 S  4.03500000E-01  1.276380
 
  2 S  1.43800000E-01  1.000000
 
  3 P  4.94500000E+00 -0.060812
  3 P  4.87000000E-01  1.013269
 
  4 P  1.37900000E-01  1.000000
 
  P (Phosphorous)
  ---------------
            Exponent  Coefficients 
       -------------- ---------------------------------------------------------
  1 S  1.51600000E+00 -0.586209
  1 S  3.36900000E-01  1.299438
 
  2 S  1.21100000E-01  1.000000
 
  3 P  3.70500000E+00 -0.069147
  3 P  3.93400000E-01  1.016199
 
  4 P  1.19000000E-01  1.000000
 
  F (Fluorine)
  ------------
            Exponent  Coefficients 
       -------------- ---------------------------------------------------------
  1 S  9.99500000E+03  0.001160
  1 S  1.50600000E+03  0.008870
  1 S  3.50300000E+02  0.042380
  1 S  1.04100000E+02  0.142929
  1 S  3.48400000E+01  0.355372
  1 S  1.22200000E+01  0.462085
  1 S  4.36900000E+00  0.140848
 
  2 S  1.22200000E+01 -0.148452
  2 S  1.20800000E+00  1.055270
 
  3 S  3.63400000E-01  1.000000
 
  4 P  4.43600000E+01  0.020876
  4 P  1.00800000E+01  0.130107
  4 P  2.99600000E+00  0.396166
  4 P  9.38300000E-01  0.620404
 
  5 P  2.73300000E-01  1.000000
 
  I (Iodine)
  ----------
            Exponent  Coefficients 
       -------------- ---------------------------------------------------------
  1 S  7.24200000E-01 -2.973105
  1 S  4.65300000E-01  3.482764
 
  2 S  1.33600000E-01  1.000000
 
  3 P  1.29000000E+00 -0.209238
  3 P  3.18000000E-01  1.103535
 
  4 P  1.05300000E-01  1.000000
 
  Br (Bromine)
  ------------
            Exponent  Coefficients 
       -------------- ---------------------------------------------------------
  1 S  1.15900000E+00 -3.037877
  1 S  7.10700000E-01  3.370373
 
  2 S  1.90500000E-01  1.000000
 
  3 P  2.69100000E+00 -0.118980
  3 P  4.44600000E-01  1.042447
 
  4 P  1.37700000E-01  1.000000
 
  O (Oxygen)
  ----------
            Exponent  Coefficients 
       -------------- ---------------------------------------------------------
  1 S  7.81700000E+03  0.001176
  1 S  1.17600000E+03  0.008968
  1 S  2.73200000E+02  0.042868
  1 S  8.11700000E+01  0.143930
  1 S  2.71800000E+01  0.355630
  1 S  9.53200000E+00  0.461248
  1 S  3.41400000E+00  0.140206
 
  2 S  9.53200000E+00 -0.154153
  2 S  9.39800000E-01  1.056914
 
  3 S  2.84600000E-01  1.000000
 
  4 P  3.51800000E+01  0.019580
  4 P  7.90400000E+00  0.124200
  4 P  2.30500000E+00  0.394714
  4 P  7.17100000E-01  0.627376
 
  5 P  2.13700000E-01  1.000000
 
  N (Nitrogen)
  ------------
            Exponent  Coefficients 
       -------------- ---------------------------------------------------------
  1 S  5.90900000E+03  0.001190
  1 S  8.87500000E+02  0.009099
  1 S  2.04700000E+02  0.044145
  1 S  5.98400000E+01  0.150464
  1 S  2.00000000E+01  0.356741
  1 S  7.19300000E+00  0.446533
  1 S  2.68600000E+00  0.145603
 
  2 S  7.19300000E+00 -0.160405
  2 S  7.00000000E-01  1.058215
 
  3 S  2.13300000E-01  1.000000
 
  4 P  2.67900000E+01  0.018254
  4 P  5.95600000E+00  0.116461
  4 P  1.70700000E+00  0.390178
  4 P  5.31400000E-01  0.637102
 
  5 P  1.65400000E-01  1.000000
 
  C (Carbon)
  ----------
            Exponent  Coefficients 
       -------------- ---------------------------------------------------------
  1 S  4.23300000E+03  0.001220
  1 S  6.34900000E+02  0.009342
  1 S  1.46100000E+02  0.045452
  1 S  4.25000000E+01  0.154657
  1 S  1.41900000E+01  0.358866
  1 S  5.14800000E+00  0.438632
  1 S  1.96700000E+00  0.145918
 
  2 S  5.14800000E+00 -0.168367
  2 S  4.96200000E-01  1.060091
 
  3 S  1.53300000E-01  1.000000
 
  4 P  1.81600000E+01  0.018539
  4 P  3.98600000E+00  0.115436
  4 P  1.14300000E+00  0.386188
  4 P  3.59400000E-01  0.640114
 
  5 P  1.14600000E-01  1.000000
 
  H (Hydrogen)
  ------------
            Exponent  Coefficients 
       -------------- ---------------------------------------------------------
  1 S  1.92384000E+01  0.032828
  1 S  2.89870000E+00  0.231204
  1 S  6.53500000E-01  0.817226
 
  2 S  1.77600000E-01  1.000000
 
  Ru1 (Ruthenium)
  ---------------
            Exponent  Coefficients 
       -------------- ---------------------------------------------------------
  1 S  2.56500000E+00 -1.043106
  1 S  1.50800000E+00  1.331479
  1 S  5.12900000E-01  0.561306
 
  2 S  2.56500000E+00  0.877013
  2 S  1.50800000E+00 -1.263466
  2 S  5.12900000E-01 -0.838499
  2 S  1.36200000E-01  1.063777
 
  3 S  4.17000000E-02  1.000000
 
  4 P  4.85900000E+00 -0.094575
  4 P  1.21900000E+00  0.743480
  4 P  4.41300000E-01  0.366814
 
  5 P  5.72500000E-01 -0.088086
  5 P  8.30000000E-02  1.028397
 
  6 P  2.50000000E-02  1.000000
 
  7 D  4.19500000E+00  0.048573
  7 D  1.37700000E+00  0.510522
  7 D  4.82800000E-01  0.573003
 
  8 D  1.50100000E-01  1.000000
 
  N2 (Nitrogen)
  -------------
            Exponent  Coefficients 
       -------------- ---------------------------------------------------------
  1 S  5.90900000E+03  0.001190
  1 S  8.87500000E+02  0.009099
  1 S  2.04700000E+02  0.044145
  1 S  5.98400000E+01  0.150464
  1 S  2.00000000E+01  0.356741
  1 S  7.19300000E+00  0.446533
  1 S  2.68600000E+00  0.145603
 
  2 S  7.19300000E+00 -0.160405
  2 S  7.00000000E-01  1.058215
 
  3 S  2.13300000E-01  1.000000
 
  4 P  2.67900000E+01  0.018254
  4 P  5.95600000E+00  0.116461
  4 P  1.70700000E+00  0.390178
  4 P  5.31400000E-01  0.637102
 
  5 P  1.65400000E-01  1.000000
 
  6 D  7.36000000E-01  1.000000
 
  N3 (Nitrogen)
  -------------
            Exponent  Coefficients 
       -------------- ---------------------------------------------------------
  1 S  5.90900000E+03  0.001190
  1 S  8.87500000E+02  0.009099
  1 S  2.04700000E+02  0.044145
  1 S  5.98400000E+01  0.150464
  1 S  2.00000000E+01  0.356741
  1 S  7.19300000E+00  0.446533
  1 S  2.68600000E+00  0.145603
 
  2 S  7.19300000E+00 -0.160405
  2 S  7.00000000E-01  1.058215
 
  3 S  2.13300000E-01  1.000000
 
  4 P  2.67900000E+01  0.018254
  4 P  5.95600000E+00  0.116461
  4 P  1.70700000E+00  0.390178
  4 P  5.31400000E-01  0.637102
 
  5 P  1.65400000E-01  1.000000
 
  6 D  7.36000000E-01  1.000000
 
  N4 (Nitrogen)
  -------------
            Exponent  Coefficients 
       -------------- ---------------------------------------------------------
  1 S  5.90900000E+03  0.001190
  1 S  8.87500000E+02  0.009099
  1 S  2.04700000E+02  0.044145
  1 S  5.98400000E+01  0.150464
  1 S  2.00000000E+01  0.356741
  1 S  7.19300000E+00  0.446533
  1 S  2.68600000E+00  0.145603
 
  2 S  7.19300000E+00 -0.160405
  2 S  7.00000000E-01  1.058215
 
  3 S  2.13300000E-01  1.000000
 
  4 P  2.67900000E+01  0.018254
  4 P  5.95600000E+00  0.116461
  4 P  1.70700000E+00  0.390178
  4 P  5.31400000E-01  0.637102
 
  5 P  1.65400000E-01  1.000000
 
  6 D  7.36000000E-01  1.000000
 
  C5 (Carbon)
  -----------
            Exponent  Coefficients 
       -------------- ---------------------------------------------------------
  1 S  4.23300000E+03  0.001220
  1 S  6.34900000E+02  0.009342
  1 S  1.46100000E+02  0.045452
  1 S  4.25000000E+01  0.154657
  1 S  1.41900000E+01  0.358866
  1 S  5.14800000E+00  0.438632
  1 S  1.96700000E+00  0.145918
 
  2 S  5.14800000E+00 -0.168367
  2 S  4.96200000E-01  1.060091
 
  3 S  1.53300000E-01  1.000000
 
  4 P  1.81600000E+01  0.018539
  4 P  3.98600000E+00  0.115436
  4 P  1.14300000E+00  0.386188
  4 P  3.59400000E-01  0.640114
 
  5 P  1.14600000E-01  1.000000
 
  6 D  5.87000000E-01  1.000000
 
  N6 (Nitrogen)
  -------------
            Exponent  Coefficients 
       -------------- ---------------------------------------------------------
  1 S  5.90900000E+03  0.001190
  1 S  8.87500000E+02  0.009099
  1 S  2.04700000E+02  0.044145
  1 S  5.98400000E+01  0.150464
  1 S  2.00000000E+01  0.356741
  1 S  7.19300000E+00  0.446533
  1 S  2.68600000E+00  0.145603
 
  2 S  7.19300000E+00 -0.160405
  2 S  7.00000000E-01  1.058215
 
  3 S  2.13300000E-01  1.000000
 
  4 P  2.67900000E+01  0.018254
  4 P  5.95600000E+00  0.116461
  4 P  1.70700000E+00  0.390178
  4 P  5.31400000E-01  0.637102
 
  5 P  1.65400000E-01  1.000000
 
  6 D  7.36000000E-01  1.000000
 
  N7 (Nitrogen)
  -------------
            Exponent  Coefficients 
       -------------- ---------------------------------------------------------
  1 S  5.90900000E+03  0.001190
  1 S  8.87500000E+02  0.009099
  1 S  2.04700000E+02  0.044145
  1 S  5.98400000E+01  0.150464
  1 S  2.00000000E+01  0.356741
  1 S  7.19300000E+00  0.446533
  1 S  2.68600000E+00  0.145603
 
  2 S  7.19300000E+00 -0.160405
  2 S  7.00000000E-01  1.058215
 
  3 S  2.13300000E-01  1.000000
 
  4 P  2.67900000E+01  0.018254
  4 P  5.95600000E+00  0.116461
  4 P  1.70700000E+00  0.390178
  4 P  5.31400000E-01  0.637102
 
  5 P  1.65400000E-01  1.000000
 
  6 D  7.36000000E-01  1.000000
 


 Summary of "ao basis" -> "" (cartesian)
 ------------------------------------------------------------------------------
       Tag                 Description            Shells   Functions and Types
 ---------------- ------------------------------  ------  ---------------------
 Cl                       lanl2dz ecp                4        8   2s2p
 S                        lanl2dz ecp                4        8   2s2p
 P                        lanl2dz ecp                4        8   2s2p
 F                        lanl2dz ecp                5        9   3s2p
 I                        lanl2dz ecp                4        8   2s2p
 Br                       lanl2dz ecp                4        8   2s2p
 O                        lanl2dz ecp                5        9   3s2p
 N                        lanl2dz ecp                5        9   3s2p
 C                        lanl2dz ecp                5        9   3s2p
 H                        lanl2dz ecp                2        2   2s
 Ru1                     user specified              8       24   3s3p2d
 N2                      user specified              6       15   3s2p1d
 N3                      user specified              6       15   3s2p1d
 N4                      user specified              6       15   3s2p1d
 C5                      user specified              6       15   3s2p1d
 N6                      user specified              6       15   3s2p1d
 N7                      user specified              6       15   3s2p1d


  library name resolved from: environment
  library file name is: <
 /cluster/software/NWChem/6.6.revision27746-intel-2018a-2015-10-20-patches-20170
 814-Python-2.7.14/data/libraries/>
  
                 ECP       "ecp basis" -> "" (cartesian)
                -----
  Ru1 (Ruthenium) Replaces    28 electrons
  ----------------------------------------
          R-exponent    Exponent     Coefficients 
         ------------ ---------------------------------------------------------
  1 U L      0.00      554.379630      -0.051527
  1 U L      1.00      155.106687     -20.181654
  1 U L      2.00       48.497626    -105.996691
  1 U L      2.00       14.770159     -42.216679
  1 U L      2.00        5.207736      -3.767502
 
  2 U-s      0.00       66.711806       2.957834
  2 U-s      1.00       77.350363      25.374871
  2 U-s      2.00       18.357145     536.126237
  2 U-s      2.00       11.840473    -651.205722
  2 U-s      2.00        8.117948     381.381694
 
  3 U-p      0.00       54.993792       4.965156
  3 U-p      1.00       13.939921      23.886150
  3 U-p      2.00       15.211825     464.463134
  3 U-p      2.00       10.546069    -714.445179
  3 U-p      2.00        7.553949     377.550359
 
  4 U-d      0.00       60.344459       3.035299
  4 U-d      1.00       45.210030      23.290172
  4 U-d      2.00       19.119007     146.092662
  4 U-d      2.00        4.271209      28.912977
 

 Scaling coordinates for geometry "geometry" by  1.889725989
 (inverse scale =  0.529177249)

 Turning off AUTOSYM since
 SYMMETRY directive was detected!
 

          ------
          auto-z
          ------
 !! There are insufficient internal variables: expected   259 got   261
 !! Either AUTOZ failed or your geometry has changed so much that the
 !! coordinates should be regenerated.
 ------------------------------------------------------------------------
 geom_binvr: #indep variables incorrect            25900261
 ------------------------------------------------------------------------
 ------------------------------------------------------------------------
  current input line : 
   290: END
 ------------------------------------------------------------------------
 ------------------------------------------------------------------------
 There is an error related to the specified geometry
 ------------------------------------------------------------------------
 For more information see the NWChem manual at 
 http://www.nwchem-sw.org/index.php/NWChem_Documentation


 For further details see manual section: 
                                                                                
                                                                                
                                                                                
                   
0:0:geom_binvr: #indep variables incorrect:: 25900261
(rank:0 hostname:c59-1.cluster pid:77052):ARMCI DASSERT fail. ../../ga-5-4/armci/src/common/armci.c:ARMCI_Error():208 cond:0
Last System Error Message from Task 0:: Inappropriate ioctl for device
application called MPI_Abort(comm=0x84000007, 25900261) - process 0
