 Entering Gaussian System, Link 0=g16
 Initial command:
 /cluster/software/Gaussian/g16_C.01/l1.exe "/cluster/work/users/marcof/7943676/Gau-8840.inp" -scrdir="/cluster/work/users/marcof/7943676/"
 Entering Link 1 = /cluster/software/Gaussian/g16_C.01/l1.exe PID=      8843.
  
 Copyright (c) 1988-2019, Gaussian, Inc.  All Rights Reserved.
  
 This is part of the Gaussian(R) 16 program.  It is based on
 the Gaussian(R) 09 system (copyright 2009, Gaussian, Inc.),
 the Gaussian(R) 03 system (copyright 2003, Gaussian, Inc.),
 the Gaussian(R) 98 system (copyright 1998, Gaussian, Inc.),
 the Gaussian(R) 94 system (copyright 1995, Gaussian, Inc.),
 the Gaussian 92(TM) system (copyright 1992, Gaussian, Inc.),
 the Gaussian 90(TM) system (copyright 1990, Gaussian, Inc.),
 the Gaussian 88(TM) system (copyright 1988, Gaussian, Inc.),
 the Gaussian 86(TM) system (copyright 1986, Carnegie Mellon
 University), and the Gaussian 82(TM) system (copyright 1983,
 Carnegie Mellon University). Gaussian is a federally registered
 trademark of Gaussian, Inc.
  
 This software contains proprietary and confidential information,
 including trade secrets, belonging to Gaussian, Inc.
  
 This software is provided under written license and may be
 used, copied, transmitted, or stored only in accord with that
 written license.
  
 The following legend is applicable only to US Government
 contracts under FAR:
  
                    RESTRICTED RIGHTS LEGEND
  
 Use, reproduction and disclosure by the US Government is
 subject to restrictions as set forth in subparagraphs (a)
 and (c) of the Commercial Computer Software - Restricted
 Rights clause in FAR 52.227-19.
  
 Gaussian, Inc.
 340 Quinnipiac St., Bldg. 40, Wallingford CT 06492
  
  
 ---------------------------------------------------------------
 Warning -- This program may not be used in any manner that
 competes with the business of Gaussian, Inc. or will provide
 assistance to any competitor of Gaussian, Inc.  The licensee
 of this program is prohibited from giving any competitor of
 Gaussian, Inc. access to this program.  By using this program,
 the user acknowledges that Gaussian, Inc. is engaged in the
 business of creating and licensing software in the field of
 computational chemistry and represents and warrants to the
 licensee that it is not a competitor of Gaussian, Inc. and that
 it will not use this program in any manner prohibited above.
 ---------------------------------------------------------------
  

 Cite this work as:
 Gaussian 16, Revision C.01,
 M. J. Frisch, G. W. Trucks, H. B. Schlegel, G. E. Scuseria, 
 M. A. Robb, J. R. Cheeseman, G. Scalmani, V. Barone, 
 G. A. Petersson, H. Nakatsuji, X. Li, M. Caricato, A. V. Marenich, 
 J. Bloino, B. G. Janesko, R. Gomperts, B. Mennucci, H. P. Hratchian, 
 J. V. Ortiz, A. F. Izmaylov, J. L. Sonnenberg, D. Williams-Young, 
 F. Ding, F. Lipparini, F. Egidi, J. Goings, B. Peng, A. Petrone, 
 T. Henderson, D. Ranasinghe, V. G. Zakrzewski, J. Gao, N. Rega, 
 G. Zheng, W. Liang, M. Hada, M. Ehara, K. Toyota, R. Fukuda, 
 J. Hasegawa, M. Ishida, T. Nakajima, Y. Honda, O. Kitao, H. Nakai, 
 T. Vreven, K. Throssell, J. A. Montgomery, Jr., J. E. Peralta, 
 F. Ogliaro, M. J. Bearpark, J. J. Heyd, E. N. Brothers, K. N. Kudin, 
 V. N. Staroverov, T. A. Keith, R. Kobayashi, J. Normand, 
 K. Raghavachari, A. P. Rendell, J. C. Burant, S. S. Iyengar, 
 J. Tomasi, M. Cossi, J. M. Millam, M. Klene, C. Adamo, R. Cammi, 
 J. W. Ochterski, R. L. Martin, K. Morokuma, O. Farkas, 
 J. B. Foresman, and D. J. Fox, Gaussian, Inc., Wallingford CT, 2019.
 
 ******************************************
 Gaussian 16:  ES64L-G16RevC.01  3-Jul-2019
                14-Mar-2023 
 ******************************************
 %MEM=39000MB
 %NPROCSHARED=20
 Will use up to   20 processors via shared memory.
 %CHK=ethylene
 ----------------------------------------------------------------------
 #P # OLYP/CHKBASIS # GEOM=CHECK # GUESS=READ # NOSYMM # INT=ULTRAFINE 
 # SCF=(VSHIFT=1000,NOSYM,restart,XQC,novaracc,MaxConventionalCycles=1,
 MaxCycle=1)
 ----------------------------------------------------------------------
 1/29=2,38=1,172=1/1;
 2/12=2,15=1,40=1/2;
 3/5=7,6=2,11=2,14=-4,25=1,30=1,67=1,74=2002,75=-5/1,2,3;
 4/5=8,6=200000000,9=2/1;
 5/5=2,7=1,8=3,10=1000,13=1,38=1,85=1/2,8;
 6/7=2,8=2,9=2,10=2,28=1/1;
 99/5=1,9=1/99;
 Leave Link    1 at Tue Mar 14 12:55:58 2023, MaxMem=  5111808000 cpu:               2.7 elap:               0.2
 (Enter /cluster/software/Gaussian/g16_C.01/l101.exe)
 -------------------
 Fix error e001.0-QCNoLowerPoint
 -------------------
 Structure from the checkpoint file:  "ethylene.chk"
 Charge =  0 Multiplicity = 1
 No Z-Matrix found in chk file; cartesian coordinates used.
  C                                                -0.533399997437      3.128000001249     -2.343300001221
  C                                                -0.533399997437      3.128000001249     -0.836700000834
  H                                                 0.479399999938      3.128000001249     -2.756899998511
  H                                                -1.072599999360      4.024299998366     -2.691899997504
  H                                                -1.069100000120      2.257399998099     -2.749800001413
  Ru                                                0.214500000149      1.178699998399     -0.166800000224
  C                                                 0.547099998545      3.545099997780     -0.037700000002
  H                                                -1.518400001302      3.204299999501     -0.365099999958
  C                                                 1.390600000624      1.716499998510      1.115800000111
  C                                                 0.027900000013     -0.847899999461     -0.159899999832
  O                                                -1.423699998125      1.276100001293      1.322400001521
  O                                                 1.880399997549      1.190499999315     -1.627500001201
  H                                                 1.064599998829      1.892599998226      2.150199998391
  H                                                 2.458100001697      1.845300001238      0.885700000779
  C                                                -0.379299999975     -1.442700000048     -1.516100001348
  N(GFac=0.403761)                                  0.141899999960     -1.581399998208      0.945400000972
  C                                                -0.503899999911     -0.305800000057     -2.549099997815
  C                                                 0.685199999708     -2.431499999005     -2.029700002630
  C                                                -1.758400001357     -2.124800000277     -1.377100002043
  H                                                -1.296899999498      0.417100000235     -2.294799999655
  H                                                -0.745299999662     -0.695000001814     -3.542699999208
  H                                                 0.473500000010      0.245899999984     -2.669000001871
  H                                                 0.487300000264     -2.725300001441     -3.065699999958
  H                                                 0.734100001035     -3.349899997523     -1.432499998180
  H                                                 1.682600001485     -1.949500000085     -2.010600002090
  H                                                -1.703799999453     -3.093200000791     -0.873999998481
  H                                                -2.213100001971     -2.298800002566     -2.358099997705
  H                                                -2.445800002402     -1.480100001604     -0.801500000614
  C                                                 0.145300000053     -3.086499998164      1.052500002061
  C                                                 0.270700000042     -0.870899999003      2.249299998950
  C                                                -1.051899999772     -3.572800001140      1.874599998354
  C                                                 1.474099999883     -3.568200001231      1.643900002025
  H                                                 0.055899999808     -3.511100002138      0.008700000009
  H                                                -0.974900000615     -3.290700001002      2.932499999848
  H                                                -1.135499997649     -4.664800002185      1.836100001421
  H                                                -1.995700001696     -3.151599997788      1.503900000670
  H                                                 1.612500002190     -3.249700001588      2.683699999738
  H                                                 2.331000001926     -3.189200001872      1.072999999122
  H                                                 1.529200000167     -4.663400000372      1.633899997393
  H                                                -0.474499999944      0.003399999998      2.263499998437
  H                                                 1.290099998253     -0.484100000052      2.391600000259
  H                                                 0.011900000009     -1.519600000588      3.095900000507
  C                                                -2.576899999793      0.865599998188      0.666300001695
  H                                                -2.793299998017      1.530300000835     -0.186799999964
  H                                                -3.411099998146      0.913399998848      1.380799998519
  H                                                -2.475899999042     -0.173799999762      0.295200000015
  C                                                 2.872399999894      0.284299999887     -1.289800002400
  H                                                 3.690399999950      0.399899999887     -2.016599998519
  H                                                 2.488199998337     -0.754199998335     -1.340899999773
  H                                                 3.261299999977      0.475999999845     -0.277200000143
  C                                                 0.302299999759      4.302099999740      1.246099997978
  H                                                 1.500999998427      3.703000000389     -0.547700000834
  H                                                 1.182899998546      4.322700000710      1.899099998327
  H                                                 0.051599999985      5.343599989826      0.993600001393
  H                                                -0.542799999781      3.868300001241      1.795100002007
 Recover connectivity data from disk.
 ITRead=  0  0  0  0  0  0  0  0  0  0  0  0  0  0  0  0  0  0  0  0
 ITRead=  0  0  0  0  0  0  0  0  0  0  0  0  0  0  0  0  0  0  0  0
 ITRead=  0  0  0  0  0  0  0  0  0  0  0  0  0  0  0
 MicOpt= -1 -1 -1 -1 -1 -1 -1 -1 -1 -1 -1 -1 -1 -1 -1 -1 -1 -1 -1 -1
 MicOpt= -1 -1 -1 -1 -1 -1 -1 -1 -1 -1 -1 -1 -1 -1 -1 -1 -1 -1 -1 -1
 MicOpt= -1 -1 -1 -1 -1 -1 -1 -1 -1 -1 -1 -1 -1 -1 -1
 NAtoms=     55 NQM=       55 NQMF=       0 NMMI=      0 NMMIF=      0
                NMic=       0 NMicF=      0.
                    Isotopes and Nuclear Properties:
 (Nuclear quadrupole moments (NQMom) in fm**2, nuclear magnetic moments (NMagM)
  in nuclear magnetons)

  Atom         1           2           3           4           5           6           7           8           9          10
 IAtWgt=          12          12           1           1           1         102          12           1          12          12
 AtmWgt=  12.0000000  12.0000000   1.0078250   1.0078250   1.0078250 101.9037000  12.0000000   1.0078250  12.0000000  12.0000000
 NucSpn=           0           0           1           1           1           0           0           1           0           0
 AtZEff=   3.6000000   3.6000000   1.0000000   1.0000000   1.0000000 221.7600000   3.6000000   1.0000000   3.6000000   3.6000000
 NQMom=    0.0000000   0.0000000   0.0000000   0.0000000   0.0000000   0.0000000   0.0000000   0.0000000   0.0000000   0.0000000
 NMagM=    0.0000000   0.0000000   2.7928460   2.7928460   2.7928460   0.0000000   0.0000000   2.7928460   0.0000000   0.0000000
 AtZNuc=   6.0000000   6.0000000   1.0000000   1.0000000   1.0000000  44.0000000   6.0000000   1.0000000   6.0000000   6.0000000

  Atom        11          12          13          14          15          16          17          18          19          20
 IAtWgt=          16          16           1           1          12          14          12          12          12           1
 AtmWgt=  15.9949146  15.9949146   1.0078250   1.0078250  12.0000000  14.0030740  12.0000000  12.0000000  12.0000000   1.0078250
 NucSpn=           0           0           1           1           0           2           0           0           0           1
 AtZEff=   5.6000000   5.6000000   1.0000000   1.0000000   3.6000000   4.5500000   3.6000000   3.6000000   3.6000000   1.0000000
 NQMom=    0.0000000   0.0000000   0.0000000   0.0000000   0.0000000   2.0440000   0.0000000   0.0000000   0.0000000   0.0000000
 NMagM=    0.0000000   0.0000000   2.7928460   2.7928460   0.0000000   0.4037610   0.0000000   0.0000000   0.0000000   2.7928460
 AtZNuc=   8.0000000   8.0000000   1.0000000   1.0000000   6.0000000   7.0000000   6.0000000   6.0000000   6.0000000   1.0000000

  Atom        21          22          23          24          25          26          27          28          29          30
 IAtWgt=           1           1           1           1           1           1           1           1          12          12
 AtmWgt=   1.0078250   1.0078250   1.0078250   1.0078250   1.0078250   1.0078250   1.0078250   1.0078250  12.0000000  12.0000000
 NucSpn=           1           1           1           1           1           1           1           1           0           0
 AtZEff=   1.0000000   1.0000000   1.0000000   1.0000000   1.0000000   1.0000000   1.0000000   1.0000000   3.6000000   3.6000000
 NQMom=    0.0000000   0.0000000   0.0000000   0.0000000   0.0000000   0.0000000   0.0000000   0.0000000   0.0000000   0.0000000
 NMagM=    2.7928460   2.7928460   2.7928460   2.7928460   2.7928460   2.7928460   2.7928460   2.7928460   0.0000000   0.0000000
 AtZNuc=   1.0000000   1.0000000   1.0000000   1.0000000   1.0000000   1.0000000   1.0000000   1.0000000   6.0000000   6.0000000

  Atom        31          32          33          34          35          36          37          38          39          40
 IAtWgt=          12          12           1           1           1           1           1           1           1           1
 AtmWgt=  12.0000000  12.0000000   1.0078250   1.0078250   1.0078250   1.0078250   1.0078250   1.0078250   1.0078250   1.0078250
 NucSpn=           0           0           1           1           1           1           1           1           1           1
 AtZEff=   3.6000000   3.6000000   1.0000000   1.0000000   1.0000000   1.0000000   1.0000000   1.0000000   1.0000000   1.0000000
 NQMom=    0.0000000   0.0000000   0.0000000   0.0000000   0.0000000   0.0000000   0.0000000   0.0000000   0.0000000   0.0000000
 NMagM=    0.0000000   0.0000000   2.7928460   2.7928460   2.7928460   2.7928460   2.7928460   2.7928460   2.7928460   2.7928460
 AtZNuc=   6.0000000   6.0000000   1.0000000   1.0000000   1.0000000   1.0000000   1.0000000   1.0000000   1.0000000   1.0000000

  Atom        41          42          43          44          45          46          47          48          49          50
 IAtWgt=           1           1          12           1           1           1          12           1           1           1
 AtmWgt=   1.0078250   1.0078250  12.0000000   1.0078250   1.0078250   1.0078250  12.0000000   1.0078250   1.0078250   1.0078250
 NucSpn=           1           1           0           1           1           1           0           1           1           1
 AtZEff=   1.0000000   1.0000000   3.6000000   1.0000000   1.0000000   1.0000000   3.6000000   1.0000000   1.0000000   1.0000000
 NQMom=    0.0000000   0.0000000   0.0000000   0.0000000   0.0000000   0.0000000   0.0000000   0.0000000   0.0000000   0.0000000
 NMagM=    2.7928460   2.7928460   0.0000000   2.7928460   2.7928460   2.7928460   0.0000000   2.7928460   2.7928460   2.7928460
 AtZNuc=   1.0000000   1.0000000   6.0000000   1.0000000   1.0000000   1.0000000   6.0000000   1.0000000   1.0000000   1.0000000

  Atom        51          52          53          54          55
 IAtWgt=          12           1           1           1           1
 AtmWgt=  12.0000000   1.0078250   1.0078250   1.0078250   1.0078250
 NucSpn=           0           1           1           1           1
 AtZEff=   3.6000000   1.0000000   1.0000000   1.0000000   1.0000000
 NQMom=    0.0000000   0.0000000   0.0000000   0.0000000   0.0000000
 NMagM=    0.0000000   2.7928460   2.7928460   2.7928460   2.7928460
 AtZNuc=   6.0000000   1.0000000   1.0000000   1.0000000   1.0000000
 Leave Link  101 at Tue Mar 14 12:56:00 2023, MaxMem=  5111808000 cpu:               2.4 elap:               0.2
 (Enter /cluster/software/Gaussian/g16_C.01/l202.exe)
 Symmetry turned off by external request.
 Stoichiometry    C16H35NO2Ru
 Framework group  C1[X(C16H35NO2Ru)]
 Deg. of freedom   159
 Full point group                 C1      NOp   1
                          Input orientation:                          
 ---------------------------------------------------------------------
 Center     Atomic      Atomic             Coordinates (Angstroms)
 Number     Number       Type             X           Y           Z
 ---------------------------------------------------------------------
      1          6           0       -0.533400    3.128000   -2.343300
      2          6           0       -0.533400    3.128000   -0.836700
      3          1           0        0.479400    3.128000   -2.756900
      4          1           0       -1.072600    4.024300   -2.691900
      5          1           0       -1.069100    2.257400   -2.749800
      6         44           0        0.214500    1.178700   -0.166800
      7          6           0        0.547100    3.545100   -0.037700
      8          1           0       -1.518400    3.204300   -0.365100
      9          6           0        1.390600    1.716500    1.115800
     10          6           0        0.027900   -0.847900   -0.159900
     11          8           0       -1.423700    1.276100    1.322400
     12          8           0        1.880400    1.190500   -1.627500
     13          1           0        1.064600    1.892600    2.150200
     14          1           0        2.458100    1.845300    0.885700
     15          6           0       -0.379300   -1.442700   -1.516100
     16          7           0        0.141900   -1.581400    0.945400
     17          6           0       -0.503900   -0.305800   -2.549100
     18          6           0        0.685200   -2.431500   -2.029700
     19          6           0       -1.758400   -2.124800   -1.377100
     20          1           0       -1.296900    0.417100   -2.294800
     21          1           0       -0.745300   -0.695000   -3.542700
     22          1           0        0.473500    0.245900   -2.669000
     23          1           0        0.487300   -2.725300   -3.065700
     24          1           0        0.734100   -3.349900   -1.432500
     25          1           0        1.682600   -1.949500   -2.010600
     26          1           0       -1.703800   -3.093200   -0.874000
     27          1           0       -2.213100   -2.298800   -2.358100
     28          1           0       -2.445800   -1.480100   -0.801500
     29          6           0        0.145300   -3.086500    1.052500
     30          6           0        0.270700   -0.870900    2.249300
     31          6           0       -1.051900   -3.572800    1.874600
     32          6           0        1.474100   -3.568200    1.643900
     33          1           0        0.055900   -3.511100    0.008700
     34          1           0       -0.974900   -3.290700    2.932500
     35          1           0       -1.135500   -4.664800    1.836100
     36          1           0       -1.995700   -3.151600    1.503900
     37          1           0        1.612500   -3.249700    2.683700
     38          1           0        2.331000   -3.189200    1.073000
     39          1           0        1.529200   -4.663400    1.633900
     40          1           0       -0.474500    0.003400    2.263500
     41          1           0        1.290100   -0.484100    2.391600
     42          1           0        0.011900   -1.519600    3.095900
     43          6           0       -2.576900    0.865600    0.666300
     44          1           0       -2.793300    1.530300   -0.186800
     45          1           0       -3.411100    0.913400    1.380800
     46          1           0       -2.475900   -0.173800    0.295200
     47          6           0        2.872400    0.284300   -1.289800
     48          1           0        3.690400    0.399900   -2.016600
     49          1           0        2.488200   -0.754200   -1.340900
     50          1           0        3.261300    0.476000   -0.277200
     51          6           0        0.302300    4.302100    1.246100
     52          1           0        1.501000    3.703000   -0.547700
     53          1           0        1.182900    4.322700    1.899100
     54          1           0        0.051600    5.343600    0.993600
     55          1           0       -0.542800    3.868300    1.795100
 ---------------------------------------------------------------------
 Rotational constants (GHZ):           0.4379515           0.2273080           0.2111484
 Leave Link  202 at Tue Mar 14 12:56:00 2023, MaxMem=  5111808000 cpu:               0.2 elap:               0.0
 (Enter /cluster/software/Gaussian/g16_C.01/l301.exe)
 Basis read from chk: "ethylene.chk" (5D, 7F)
 Pseudo-potential data read from chk file.
   263 basis functions,   664 primitive gaussians,   265 cartesian basis functions
    85 alpha electrons       85 beta electrons
       nuclear repulsion energy      2106.1047738914 Hartrees.
 IExCor= 2002 DFT=T Ex=O Corr=LYP ExCW=0 ScaHFX=  0.000000
 ScaDFX=  1.000000  1.000000  1.000000  1.000000 ScalE2=  1.000000  1.000000
 IRadAn=      5 IRanWt=     -1 IRanGd=            0 ICorTp=0 IEmpDi=  4
 NAtoms=   55 NActive=   55 NUniq=   55 SFac= 1.00D+00 NAtFMM=   60 NAOKFM=F Big=F
 Integral buffers will be    131072 words long.
 Raffenetti 2 integral format.
 Two-electron integral symmetry is turned off.
 No density basis found on file  20724.
 Leave Link  301 at Tue Mar 14 12:56:00 2023, MaxMem=  5111808000 cpu:               1.7 elap:               0.1
 (Enter /cluster/software/Gaussian/g16_C.01/l302.exe)
 NPDir=0 NMtPBC=     1 NCelOv=     1 NCel=       1 NClECP=     1 NCelD=      1
         NCelK=      1 NCelE2=     1 NClLst=     1 CellRange=     0.0.
 One-electron integrals computed using PRISM.
   1 Symmetry operations used in ECPInt.
 ECPInt:  NShTT=   15051 NPrTT=   98553 LenC2=   14485 LenP2D=   58225.
 LDataN:  DoStor=T MaxTD1= 5 Len=  102
 NBasis=   263 RedAO= T EigKep=  1.48D-03  NBF=   263
 NBsUse=   263 1.00D-06 EigRej= -1.00D+00 NBFU=   263
 Precomputing XC quadrature grid using
 IXCGrd= 4 IRadAn=           5 IRanWt=          -1 IRanGd=           0 AccXCQ= 0.00D+00.
 Defaulting to unpruned grid for atomic number  44.
 Generated NRdTot=       0 NPtTot=           0 NUsed=           0 NTot=          32
 NSgBfM=   265   265   265   265   265 MxSgAt=    55 MxSgA2=    55.
 Leave Link  302 at Tue Mar 14 12:56:01 2023, MaxMem=  5111808000 cpu:              12.8 elap:               0.7
 (Enter /cluster/software/Gaussian/g16_C.01/l303.exe)
 DipDrv:  MaxL=1.
 Leave Link  303 at Tue Mar 14 12:56:01 2023, MaxMem=  5111808000 cpu:               1.1 elap:               0.1
 (Enter /cluster/software/Gaussian/g16_C.01/l401.exe)
 Initial guess from the checkpoint file:  "ethylene.chk"
 SCF N**3 symmetry information disabled.
 B after Tr=     0.000000    0.000000    0.000000
         Rot=    1.000000    0.000000    0.000000    0.000000 Ang=   0.00 deg.
 Initial guess natural orbitals from previous density.
 JPrj=0 DoOrth=F DoCkMO=F.
 Leave Link  401 at Tue Mar 14 12:56:01 2023, MaxMem=  5111808000 cpu:               2.6 elap:               0.2
 (Enter /cluster/software/Gaussian/g16_C.01/l502.exe)
 Two-electron integral symmetry not used.
 Closed shell SCF:
 NGot=  5111808000 LenX=  5111657903 LenY=  5111587413
 Requested convergence on RMS density matrix=1.00D-08 within   1 cycles.
 Requested convergence on MAX density matrix=1.00D-06.
 Requested convergence on             energy=1.00D-06.
 Virtual orbitals will be shifted by   1.000 hartree.
 No special actions if energy rises.
 Fock matrices will be formed incrementally for   1 cycles.

 Cycle   1  Pass 1  IDiag  1:
 FoFJK:  IHMeth= 1 ICntrl=     500 DoSepK=F KAlg= 0 I1Cent=           0 FoldK=F
 IRaf= 920000000 NMat=       1 IRICut=       1 DoRegI=T DoRafI=F ISym2E= 0 IDoP0=0 IntGTp=1.
 FoFCou: FMM=F IPFlag=           0 FMFlag=      100000 FMFlg1=           0
         NFxFlg=           0 DoJE=T BraDBF=F KetDBF=F FulRan=T
         wScrn=  0.000000 ICntrl=       500 IOpCl=  0 I1Cent=           0 NGrid=           0
         NMat0=    1 NMatS0=      1 NMatT0=    0 NMatD0=    1 NMtDS0=    0 NMtDT0=    0
 Symmetry not used in FoFCou.
 Defaulting to unpruned grid for atomic number  44.
 Defaulting to unpruned grid for atomic number  44.
 Defaulting to unpruned grid for atomic number  44.
 Defaulting to unpruned grid for atomic number  44.
 Defaulting to unpruned grid for atomic number  44.
 Defaulting to unpruned grid for atomic number  44.
 Defaulting to unpruned grid for atomic number  44.
 Defaulting to unpruned grid for atomic number  44.
 Defaulting to unpruned grid for atomic number  44.
 Defaulting to unpruned grid for atomic number  44.
 Defaulting to unpruned grid for atomic number  44.
 Defaulting to unpruned grid for atomic number  44.
 Defaulting to unpruned grid for atomic number  44.
 Defaulting to unpruned grid for atomic number  44.
 Defaulting to unpruned grid for atomic number  44.
 Defaulting to unpruned grid for atomic number  44.
 Defaulting to unpruned grid for atomic number  44.
 Defaulting to unpruned grid for atomic number  44.
 Defaulting to unpruned grid for atomic number  44.
 Defaulting to unpruned grid for atomic number  44.
 E= -929.160110809944    
 Gap=     0.979 Goal=   None    Shift=    1.000
 RMSDP=2.11D-03 MaxDP=4.50D-02              OVMax= 2.64D-02

 >>>>>>>>>> Convergence criterion not met.
 SCF Done:  E(RO-LYP) =  -929.160110810     A.U. after    2 cycles
            NFock=  1  Conv=0.21D-02     -V/T= 2.0754
 KE= 8.639818942794D+02 PE=-6.348883893661D+03 EE= 2.449637114680D+03
 Leave Link  502 at Tue Mar 14 12:56:05 2023, MaxMem=  5111808000 cpu:              66.5 elap:               3.4
 (Enter /cluster/software/Gaussian/g16_C.01/l508.exe)
 Two-electron integral symmetry not used.
 Tight linear equation convergence will be used.
 RO-LYP wavefunction.
 Quadratic Convergence SCF Method.
 Line search only if initial step raises energy.
 Fock matrices will be formed incrementally for   1 cycles.
 FoFJK:  IHMeth= 1 ICntrl=     500 DoSepK=F KAlg= 0 I1Cent=           0 FoldK=F
 IRaf= 920000000 NMat=       1 IRICut=       1 DoRegI=T DoRafI=F ISym2E= 0 IDoP0=0 IntGTp=1.
 FoFCou: FMM=F IPFlag=           0 FMFlag=      100000 FMFlg1=           0
         NFxFlg=           0 DoJE=T BraDBF=F KetDBF=F FulRan=T
         wScrn=  0.000000 ICntrl=       500 IOpCl=  0 I1Cent=           0 NGrid=           0
         NMat0=    1 NMatS0=      1 NMatT0=    0 NMatD0=    1 NMtDS0=    0 NMtDT0=    0
 Symmetry not used in FoFCou.
 Defaulting to unpruned grid for atomic number  44.
 Defaulting to unpruned grid for atomic number  44.
 Defaulting to unpruned grid for atomic number  44.
 Defaulting to unpruned grid for atomic number  44.
 Defaulting to unpruned grid for atomic number  44.
 Defaulting to unpruned grid for atomic number  44.
 Defaulting to unpruned grid for atomic number  44.
 Defaulting to unpruned grid for atomic number  44.
 Defaulting to unpruned grid for atomic number  44.
 Defaulting to unpruned grid for atomic number  44.
 Defaulting to unpruned grid for atomic number  44.
 Defaulting to unpruned grid for atomic number  44.
 Defaulting to unpruned grid for atomic number  44.
 Defaulting to unpruned grid for atomic number  44.
 Defaulting to unpruned grid for atomic number  44.
 Defaulting to unpruned grid for atomic number  44.
 Defaulting to unpruned grid for atomic number  44.
 Defaulting to unpruned grid for atomic number  44.
 Defaulting to unpruned grid for atomic number  44.
 Defaulting to unpruned grid for atomic number  44.
 Iteration   1 EE= -929.244127890416                                    Grad=1.525D-01 Max rot=    1.0111 deg.
 Gradient too large for Newton-Raphson -- use scaled steepest descent instead.
     ILin= 1 X=0.000D+00 Y=-9.292441278904D+02 DE= 0.00D+00 F= -2.87D-02
 Restarting incremental Fock formation.
     ILin= 2 X=3.000D-01 Y=-9.292523047346D+02 DE=-8.18D-03 F= -2.58D-02 OKLS=F
 Restarting incremental Fock formation.
     ILin= 3 X=6.000D-01 Y=-9.292596105679D+02 DE=-1.55D-02 F= -2.29D-02
 Restarting incremental Fock formation.
     ILin= 4 X=1.200D+00 Y=-9.292715922585D+02 DE=-2.75D-02 F= -1.70D-02
 Restarting incremental Fock formation.
     ILin= 5 X=2.400D+00 Y=-9.292849201785D+02 DE=-4.08D-02 F= -5.14D-03
     Reject lnstep IMin12=  4  5 Big=T Turn=F Min= 2.593D+00 FVal=-9.292853512754D+02 Lims=  1.20D+00  2.40D+00
 Restarting incremental Fock formation.
     ILin= 6 X=4.800D+00 Y=-9.292681738468D+02 DE=-2.40D-02 F=  1.92D-02
     An  expanding polynomial of degree  6 produced  2.9129
 Convergence failure.
 Error termination via Lnk1e in /cluster/software/Gaussian/g16_C.01/l508.exe at Tue Mar 14 12:56:26 2023.
 Job cpu time:       0 days  0 hours  8 minutes  2.8 seconds.
 Elapsed time:       0 days  0 hours  0 minutes 24.6 seconds.
 File lengths (MBytes):  RWF=     28 Int=      0 D2E=      0 Chk=     34 Scr=      1
