 Entering Gaussian System, Link 0=g03

 Initial command:
 
blabla 1

 Normal termination of Gaussian 03 

 Initial command:

blabla 2

 Normal termination of Gaussian 03

 Initial command:
blablabla_TO_TO
fake error
