 This is a fake NWChem output file that was created to test AutoCompChem.


                                NWChem Input Module
                                -------------------

... output from first task...

                                NWChem Input Module
                                -------------------

... output from second task...

  No.       Tag          Charge          X              Y              Z
 ---- ---------------- ---------- -------------- -------------- --------------
    1 C                    6.0000    -1.88260896    -0.46235326     1.45042464
    2 H                    1.0000    -2.17712984     0.42364209     2.03259857
    3 C                    6.0000    -1.98468492    -1.76504139     2.18124166
    4 H                    1.0000    -2.90702597    -1.81679063     2.77682601
    5 H                    1.0000    -1.14382640    -1.79667673     2.89012791
    6 H                    1.0000    -1.89929983    -2.63197978     1.52579331
    7 C                    6.0000    -3.39532774    -0.27475438    -0.12763040
    8 H                    1.0000    -3.80486171     0.57267747     0.42366763
    9 C                    6.0000    -2.76015605     0.06746538    -1.37203374
   10 H                    1.0000    -2.77990571     1.10424772    -1.70076615
   11 H                    1.0000    -2.70388279    -0.70389545    -2.13951242
   12 Ru                  44.0000    -1.03010478    -0.07496970    -0.16830497
   13 Cl                  17.0000    -1.41090715     2.30459742     0.33724731
   14 Cl                  17.0000    -0.79870449    -2.43170455    -0.85386604
   15 C                    6.0000     0.98718889     0.16906180    -0.09761991
   16 N                    7.0000     1.84936845    -0.10637585     0.90800671
   17 C                    6.0000     1.52414545    -0.66719691     2.18610590
   18 C                    6.0000     1.67142894    -2.05573801     2.38173456
   19 C                    6.0000     1.38864608    -2.57798964     3.65407280
   20 H                    1.0000     1.49379225    -3.64825546     3.81758222
   21 C                    6.0000     0.96393250    -1.75677869     4.71282578
   22 C                    6.0000     0.83899551    -0.37630547     4.48241386
   23 H                    1.0000     0.52103499     0.27434355     5.29407480
   24 C                    6.0000     1.12027669     0.19159916     3.22878218
   25 C                    6.0000     0.98841538     1.67497244     3.00309571
   26 H                    1.0000     0.72695349     2.19050733     3.93226614
   27 H                    1.0000     1.92543146     2.10989625     2.63137202
   28 H                    1.0000     0.21635366     1.90111730     2.25708576
   29 C                    6.0000     0.62651105    -2.35003494     6.05876310
   30 H                    1.0000    -0.41082513    -2.71080401     6.07641136
   31 H                    1.0000     1.27256494    -3.20294222     6.29386836
   32 H                    1.0000     0.73142033    -1.61203106     6.86093683
   33 C                    6.0000     2.09104770    -2.95715119     1.25085308
   34 H                    1.0000     2.20650646    -3.98933413     1.59528997
   35 H                    1.0000     1.33836094    -2.94192226     0.45293880
   36 H                    1.0000     3.04449897    -2.64210592     0.80843341
   37 C                    6.0000     3.24360497     0.29465839     0.59296819
   38 H                    1.0000     3.91690963    -0.56151884     0.69693117
   39 H                    1.0000     3.57252296     1.07689895     1.28592599
   40 C                    6.0000     3.13794922     0.79701882    -0.86291712
   41 H                    1.0000     3.46971788     1.83381489    -0.97638473
   42 H                    1.0000     3.69892015     0.17281300    -1.56688276
   43 N                    7.0000     1.68649792     0.69552286    -1.13316617
   44 C                    6.0000     1.08553381     1.17381329    -2.34689948
   45 C                    6.0000     0.85903764     0.26917709    -3.40745483
   46 C                    6.0000     0.20787627     0.74825684    -4.55563534
   47 H                    1.0000     0.01578432     0.05906938    -5.37497460
   48 C                    6.0000    -0.19350884     2.08907065    -4.67223755
   49 C                    6.0000     0.11346968     2.97460609    -3.62610773
   50 H                    1.0000    -0.16324944     4.02307584    -3.71387002
   51 C                    6.0000     0.76370734     2.54374437    -2.46040315
   52 C                    6.0000     1.14912442     3.53778698    -1.39542011
   53 H                    1.0000     1.14869765     3.08591838    -0.40161170
   54 H                    1.0000     2.14759270     3.95021611    -1.60281166
   55 H                    1.0000     0.43997799     4.36922593    -1.36580739
   56 C                    6.0000    -0.94247833     2.56959438    -5.89093218
   57 H                    1.0000    -2.02397744     2.58100823    -5.70018704
   58 H                    1.0000    -0.64926188     3.58876845    -6.16637888
   59 H                    1.0000    -0.76716987     1.91878737    -6.75398875
   60 C                    6.0000     1.32785716    -1.16038161    -3.33039464
   61 H                    1.0000     2.37697993    -1.21933114    -3.01455090
   62 H                    1.0000     0.73878995    -1.73724405    -2.60802498
   63 H                    1.0000     1.24104099    -1.64864831    -4.30604319
   64 C                    6.0000    -4.11369266    -1.60229679    -0.00719170
   65 H                    1.0000    -4.40415932    -1.83227362     1.02125131
   66 H                    1.0000    -3.48777386    -2.41352853    -0.39223553
   67 H                    1.0000    -5.02974339    -1.55756978    -0.61101193

...

                                NWChem Input Module
                                -------------------
 
                                     CITATION
                                     --------
                Please cite the following reference when publishing
                           results obtained with NWChem:

NOTE: in case of normal termination the NWChem input module is called again
to produce the very final message. This means the "NWChem_Input_Module" label
is preinted N+1 times where N is the number of completed tasks if the whole job was succesfully terminated, or N times in case of some error during the calculation.
