 This is a fake NWChem output file that was created to test AutoCompChem.


                                NWChem Input Module
                                -------------------

... output from first tast...


              FAKE ERROR MESSAGE 4 - USED ONLY TO TEST AutoCompChem

 
