 argument  1 = propene.nw
                                         
                                         


              Northwest Computational Chemistry Package (NWChem) 6.3
              ------------------------------------------------------


                    Environmental Molecular Sciences Laboratory
                       Pacific Northwest National Laboratory
                                Richland, WA 99352

                              Copyright (c) 1994-2012
                       Pacific Northwest National Laboratory
                            Battelle Memorial Institute

             NWChem is an open-source computational chemistry package
                        distributed under the terms of the
                      Educational Community License (ECL) 2.0
             A copy of the license is included with this distribution
                              in the LICENSE.TXT file

                                  ACKNOWLEDGMENT
                                  --------------

            This software and its documentation were developed at the
            EMSL at Pacific Northwest National Laboratory, a multiprogram
            national laboratory, operated for the U.S. Department of Energy
            by Battelle under Contract Number DE-AC05-76RL01830. Support
            for this work was provided by the Department of Energy Office
            of Biological and Environmental Research, Office of Basic
            Energy Sciences, and the Office of Advanced Scientific Computing.


           Job information
           ---------------

    hostname        = nid01106
    program         = nwchem
    date            = Fri Nov  4 16:18:09 2016

    compiled        = Thu_May_19_09:35:50_2016
    source          = /work/lorand/build/nwchem-6.3r2-zmatrix-mod20140401-gnu
    nwchem branch   = 6.3
    nwchem revision = 24652
    ga revision     = 10379
    input           = propene.nw
    prefix          = propene.
    data base       = ./propene.db
    status          = startup
    nproc           =       64
    time left       =     -1s



           Memory information
           ------------------

    heap     =   61440001 doubles =    468.8 Mbytes
    stack    =   61440001 doubles =    468.8 Mbytes
    global   =  122880000 doubles =    937.5 Mbytes (distinct from heap & stack)
    total    =  245760002 doubles =   1875.0 Mbytes
    verify   = yes
    hardfail = no 


           Directory information
           ---------------------

  0 permanent = .
  0 scratch   = .




                                NWChem Input Module
                                -------------------


                             Geometry "geometry" -> ""
                             -------------------------

 Output coordinates in angstroms (scale by  1.889725989 to convert to a.u.)

  No.       Tag          Charge          X              Y              Z
 ---- ---------------- ---------- -------------- -------------- --------------
    1 C                    6.0000    -1.18017917     0.53987083    -0.17491250
    2 C                    6.0000     0.11712083     0.43137083     0.16568750
    3 H                    1.0000    -1.72697917     1.47087083    -0.04761250
    4 H                    1.0000    -1.73247917    -0.30072917    -0.59111250
    5 H                    1.0000     0.62722083     1.30327083     0.57928750
    6 C                    6.0000     0.94822083    -0.81472917     0.02398750
    7 H                    1.0000     1.81262083    -0.63692917    -0.62991250
    8 H                    1.0000     1.34372083    -1.13472917     0.99748750
    9 H                    1.0000     0.36492083    -1.64082917    -0.39671250



            XYZ format geometry
            -------------------
     9
 geometry
 C                    -1.18017917     0.53987083    -0.17491250
 C                     0.11712083     0.43137083     0.16568750
 H                    -1.72697917     1.47087083    -0.04761250
 H                    -1.73247917    -0.30072917    -0.59111250
 H                     0.62722083     1.30327083     0.57928750
 C                     0.94822083    -0.81472917     0.02398750
 H                     1.81262083    -0.63692917    -0.62991250
 H                     1.34372083    -1.13472917     0.99748750
 H                     0.36492083    -1.64082917    -0.39671250

 ==============================================================================


                                 Step1: SP with HF
                                 -----------------
                                 NWChem SCF Module
                                 -----------------


                                 Step1: SP with HF



  ao basis        = "ao basis"
  functions       =    75
  atoms           =     9
  closed shells   =    12
  open shells     =     0
  charge          =   0.00
  wavefunction    = RHF 
  input vectors   = atomic
  output vectors  = ./propene.hf.movecs
  use symmetry    = F
  symmetry adapt  = F


 Summary of "ao basis" -> "ao basis" (cartesian)
 ------------------------------------------------------------------------------
       Tag                 Description            Shells   Functions and Types
 ---------------- ------------------------------  ------  ---------------------
 H                       user specified              3        5   2s1p
 C                       user specified              6       15   3s2p1d



 Forming initial guess at       0.4s


 Total energy =    -117.842748
 1-e energy   =    -292.874153
 2-e energy   =     104.684658
 HOMO         =      -0.306214
 LUMO         =       0.013182


 Starting SCF solution at       0.6s

         Total SCF energy =   -117.086803899969
      One-electron energy =   -295.712404150355
      Two-electron energy =    108.278853114808
 Nuclear repulsion energy =     70.346747135578

        Time for solution =      2.5s



                                NWChem Input Module
                                -------------------


                                Step2: SP with DFT
                                ------------------

                                 NWChem DFT Module
                                 -----------------


                                Step2: SP with DFT



         Total DFT energy =     -117.767629696487
      One electron energy =     -296.105816184246
           Coulomb energy =      126.295106694438
    Exchange-Corr. energy =      -18.302077584711
 Nuclear repulsion energy =       70.346747135578

    Dispersion correction =       -0.001589757546

 Numeric. integr. density =       23.999999928989

     Total iterative time =      6.4s




                                NWChem Input Module
                                -------------------


                               Step3: hessian+freq I
                               ---------------------


                   NWChem Nuclear Hessian and Frequency Analysis
                   ---------------------------------------------



                              NWChem Analytic Hessian
                              -----------------------


                                 NWChem DFT Module
                                 -----------------


                               Step3: hessian+freq I


         Total DFT energy =     -117.767629696489
      One electron energy =     -296.105813737116
           Coulomb energy =      126.295104161736
    Exchange-Corr. energy =      -18.302077499141
 Nuclear repulsion energy =       70.346747135578

    Dispersion correction =       -0.001589757546

 Numeric. integr. density =       23.999999928989

     Total iterative time =      1.4s




          -------------------------------------------------
          NORMAL MODE EIGENVECTORS IN CARTESIAN COORDINATES
          -------------------------------------------------
                 (Frequencies expressed in cm-1)

                    1           2           3           4           5           6
 
 Frequency        -93.28       -0.74        1.11        1.48       41.58       45.96
 
           1     0.00765    -0.04846    -0.03519     0.14210    -0.05410    -0.04344
           2     0.00805    -0.13356    -0.05053    -0.05812    -0.13947    -0.04669
           3    -0.02680    -0.05985     0.14142     0.01456    -0.05924     0.14931
           4    -0.03052    -0.04847    -0.03518     0.14210    -0.05377    -0.00395

                    7           8           9          10          11          12
 
 Frequency        173.72      412.92      566.81      919.29      922.89      929.17
 
           1    -0.02630    -0.06826    -0.00827    -0.02946    -0.03862    -0.08564
           2    -0.02788     0.09218    -0.00876     0.09063    -0.04078     0.04027
           3     0.09134     0.00852     0.02867     0.01901     0.13383    -0.01242
           4     0.02801    -0.06277     0.03216    -0.01585     0.00993    -0.02334
 
 Frequency       3187.34     3201.58     3286.40
 
           1     0.05639     0.03008     0.00685
           2    -0.00142     0.01206    -0.08932


 Temperature                      =   298.15K
 frequency scaling parameter      =   1.0000

 Zero-Point correction to Energy  =   50.041 kcal/mol  (  0.079746 au)
 Thermal correction to Energy     =   52.651 kcal/mol  (  0.083905 au)
 Thermal correction to Enthalpy   =   53.243 kcal/mol  (  0.084848 au)

 Total Entropy                    =   63.564 cal/mol-K
   - Translational                =   37.119 cal/mol-K (mol. weight =  42.0469)
   - Rotational                   =   22.056 cal/mol-K (symmetry #  =        1)
   - Vibrational                  =    4.389 cal/mol-K

 Cv (constant volume heat capacity) =   13.193 cal/mol-K
   - Translational                  =    2.979 cal/mol-K
   - Rotational                     =    2.979 cal/mol-K
   - Vibrational                    =    7.234 cal/mol-K



          -------------------------------------------------
          NORMAL MODE EIGENVECTORS IN CARTESIAN COORDINATES
          -------------------------------------------------
             (Projected Frequencies expressed in cm-1)

                    1           2           3           4           5           6
 
 P.Frequency      -1.00       -0.0050       -0.001        0.00        0.00        0.00
 
           1    -0.04590    -0.01726     0.04809     0.02162     0.15450     0.00488
           2    -0.21412    -0.00265     0.00504    -0.00710     0.00053     0.02272
           3     0.00882    -0.03008    -0.00284    -0.23409     0.00022    -0.01476

 P.Frequency      182.88      412.77      572.34      923.36      929.50      929.79
 
           1    -0.01570    -0.06869    -0.00749    -0.04694    -0.04007    -0.07672
           2    -0.01665     0.09107    -0.00792     0.09535    -0.04024     0.02296

 Task  times  cpu:      159.3s     wall:      159.6s


                                NWChem Input Module
                                -------------------


 Summary of allocated global arrays
-----------------------------------
  No active global arrays



                         GA Statistics for process    0
                         ------------------------------

       create   destroy   get      put      acc     scatter   gather  read&inc
calls: 6487     6494     1.34e+05 1.26e+04 3.26e+05 1246        0     2319     
number of processes/call 2.16e+00 4.66e+00 2.99e+00 1.61e+00 0.00e+00
bytes total:             2.48e+08 1.27e+07 3.21e+08 9.54e+05 0.00e+00 1.86e+04
bytes remote:            2.02e+08 8.66e+06 2.81e+08 -2.22e+05 0.00e+00 0.00e+00
Max memory consumed for GA by this process: 2583672 bytes

MA_summarize_allocated_blocks: starting scan ...
MA_summarize_allocated_blocks: scan completed: 0 heap blocks, 0 stack blocks
MA usage statistics:

	allocation statistics:
					      heap	     stack
					      ----	     -----
	current number of blocks	         0	         0
	maximum number of blocks	        25	        57
	current total bytes		         0	         0
	maximum total bytes		     80096	  82720328
	maximum total K-bytes		        81	     82721
	maximum total M-bytes		         1	        83


                                     CITATION
                                     --------
                Please cite the following reference when publishing
                           results obtained with NWChem:

                 M. Valiev, E.J. Bylaska, N. Govind, K. Kowalski,
              T.P. Straatsma, H.J.J. van Dam, D. Wang, J. Nieplocha,
                        E. Apra, T.L. Windus, W.A. de Jong
                 "NWChem: a comprehensive and scalable open-source
                  solution for large scale molecular simulations"
                      Comput. Phys. Commun. 181, 1477 (2010)
                           doi:10.1016/j.cpc.2010.04.018

                              AUTHORS & CONTRIBUTORS
                              ----------------------
          E. Apra, E. J. Bylaska, W. A. de Jong, N. Govind, K. Kowalski,
       T. P. Straatsma, M. Valiev, H. J. J. van Dam, D. Wang, T. L. Windus,
        J. Hammond, J. Autschbach, K. Bhaskaran-Nair, J. Brabec, K. Lopata,
     F. Aquino, S. Hirata, M. T. Hackler, J. Mullin, P. Nichols, R. Peverati,
    J. Pittner, Y. Zhao, P.-D. Fan, R. J. Harrison, M. Dupuis, D. Silverstein,
    D. M. A. Smith, J. Nieplocha, V. Tipparaju, M. Krishnan, B. E. Van Kuiken,
        A. Vazquez-Mayagoitia, L. Jensen, M. Swart, Q. Wu, T. Van Voorhis,
     A. A. Auer, M. Nooijen, L. D. Crosby, E. Brown, G. Cisneros, G. I. Fann,
     H. Fruchtl, J. Garza, K. Hirao, R. Kendall, J. A. Nichols, K. Tsemekhman,
      K. Wolinski, J. Anchell, D. Bernholdt, P. Borowski, T. Clark, D. Clerc,
      H. Dachsel, M. Deegan, K. Dyall, D. Elwood, E. Glendening, M. Gutowski,
      A. Hess, J. Jaffe, B. Johnson, J. Ju, R. Kobayashi, R. Kutteh, Z. Lin,
   R. Littlefield, X. Long, B. Meng, T. Nakajima, S. Niu, L. Pollack, M. Rosing,
   K. Glaesemann, G. Sandrone, M. Stave, H. Taylor, G. Thomas, J. H. van Lenthe,
                                A. Wong, Z. Zhang.

 Total times  cpu:      354.5s     wall:      360.0s
Application 8095415 resources: utime ~22864s, stime ~274s, Rss ~101868, inblocks ~8354482, outblocks ~1099833
