 This is a fake NWChem output file that was created to test AutoCompChem.


                                NWChem Input Module
                                -------------------

... output from first tast...

                                NWChem Input Module
                                -------------------

... output from second tast...

              FAKE ERROR MESSAGE 1 - USED ONLY TO TEST AutoCompChem
