 Entering Gaussian System
 *********************************************
 Gaussian 98:
 frequency output generated by the xtb code
 *********************************************
                         Standard orientation:
 --------------------------------------------------------------------
  Center     Atomic     Atomic              Coordinates (Angstroms)
  Number     Number      Type              X           Y           Z
 --------------------------------------------------------------------
    1         44             0       -0.487802   -0.000198   -0.530798
    2          6             0       -0.487796   -0.000195    1.250702
    3          1             0        0.321907    0.000602    1.989399
    4          1             0       -1.519694    0.000911    1.665305
    5          6             0        1.449296   -0.000209   -1.052805
    6          8             0        2.573096   -0.000216   -1.305109
    7         17             0       -0.923415   -2.224097   -1.009093
    8         17             0       -0.925692    2.223603   -1.007401
 --------------------------------------------------------------------
     1 basis functions        1 primitive gaussians
     1 alpha electrons        1 beta electrons

 Harmonic frequencies (cm**-1), IR intensities (km*mol⁻¹),
 Raman scattering activities (A**4/amu), Raman depolarization ratios,
 reduced masses (AMU), force constants (mDyne/A) and normal coordinates:
                      1                      2                      3
                        a                      a                      a 
 Frequencies --   102.9739               110.1350               130.5217
 Red. masses --    38.5028                30.5769                51.5785
 Frc consts  --     0.0000                 0.0000                 0.0000
 IR Inten    --     0.0094                 4.4848                 0.5531
 Raman Activ --     0.0000                 0.0000                 0.0000
 Depolar     --     0.0000                 0.0000                 0.0000
 Atom AN      X      Y      Z        X      Y      Z        X      Y      Z
   1  44    -0.31   0.00  -0.15     0.00   0.31   0.00     0.21   0.00  -0.50
   2   6    -0.29  -0.00  -0.06     0.00   0.05   0.00    -0.08  -0.00  -0.17
   3   1    -0.11  -0.00   0.01     0.00   0.03  -0.00    -0.03  -0.00  -0.04
   4   1    -0.10  -0.00  -0.05     0.00   0.01   0.00    -0.03  -0.00  -0.07
   5   6    -0.12  -0.00  -0.11     0.00  -0.30   0.00     0.16   0.00  -0.01
   6   8    -0.15  -0.00  -0.18     0.00  -0.68   0.00     0.23  -0.00   0.17
   7  17     0.45  -0.30   0.24     0.40   0.03  -0.11    -0.28  -0.13   0.43
   8  17     0.45   0.30   0.24    -0.40   0.03   0.11    -0.28   0.13   0.43
                      4                      5                      6
                        a                      a                      a 
 Frequencies --   167.9529               179.9231               238.2880
 Red. masses --    24.4714                24.8645                52.4390
 Frc consts  --     0.0000                 0.0000                 0.0000
 IR Inten    --     0.9854                 5.6589               107.9974
 Raman Activ --     0.0000                 0.0000                 0.0000
 Depolar     --     0.0000                 0.0000                 0.0000
 Atom AN      X      Y      Z        X      Y      Z        X      Y      Z
   1  44    -0.31  -0.00  -0.19     0.00  -0.37  -0.00    -0.00   0.53  -0.00
   2   6     0.67   0.00  -0.07    -0.00   0.78  -0.00    -0.00   0.17  -0.00
   3   1     0.27   0.00  -0.11    -0.00   0.36   0.00    -0.00   0.10  -0.00
   4   1     0.23   0.00   0.09    -0.00   0.17  -0.00    -0.00   0.06   0.00
   5   6    -0.14  -0.00   0.06     0.00  -0.05  -0.00    -0.00  -0.06   0.00
   6   8    -0.08   0.00   0.43     0.00   0.02  -0.00    -0.00   0.12   0.00
   7  17     0.10  -0.13   0.03     0.01   0.05  -0.22    -0.14  -0.53  -0.16
   8  17     0.10   0.13   0.03    -0.01   0.05   0.22     0.14  -0.53   0.16
                      7                      8                      9
                        a                      a                      a 
 Frequencies --   243.3873               308.7450               382.1246
 Red. masses --    37.4123                38.6301                 4.6876
 Frc consts  --     0.0000                 0.0000                 0.0000
 IR Inten    --     6.6860                42.9325                 1.7267
 Raman Activ --     0.0000                 0.0000                 0.0000
 Depolar     --     0.0000                 0.0000                 0.0000
 Atom AN      X      Y      Z        X      Y      Z        X      Y      Z
   1  44    -0.03  -0.00  -0.25    -0.52  -0.00   0.04     0.00   0.05   0.00
   2   6    -0.04   0.00  -0.09     0.01  -0.00   0.03     0.00  -0.08  -0.00
   3   1    -0.00  -0.00  -0.04     0.07   0.00  -0.06    -0.00   0.51  -0.00
   4   1    -0.00  -0.00  -0.01     0.05  -0.00   0.11    -0.00  -0.68  -0.00
   5   6    -0.19   0.00   0.05     0.50  -0.00  -0.14    -0.00  -0.46   0.00
   6   8    -0.22  -0.00   0.05     0.59   0.00  -0.12    -0.00   0.21   0.00
   7  17     0.16   0.59   0.21     0.08   0.17   0.04    -0.01   0.06   0.03
   8  17     0.16  -0.59   0.21     0.08  -0.17   0.04     0.01   0.06  -0.03
                     10                     11                     12
                        a                      a                      a 
 Frequencies --   405.6081               416.1452               552.3425
 Red. masses --    13.3283                10.0441                 5.7922
 Frc consts  --     0.0000                 0.0000                 0.0000
 IR Inten    --     2.8657                 8.9423                24.5108
 Raman Activ --     0.0000                 0.0000                 0.0000
 Depolar     --     0.0000                 0.0000                 0.0000
 Atom AN      X      Y      Z        X      Y      Z        X      Y      Z
   1  44     0.03  -0.00   0.14     0.00   0.01   0.00    -0.13   0.00   0.00
   2   6     0.03   0.00   0.00    -0.00   0.02   0.00     0.38   0.00  -0.10
   3   1    -0.16   0.00   0.17    -0.00  -0.34   0.00    -0.32  -0.00   0.42
   4   1    -0.10  -0.00  -0.23     0.00   0.39  -0.00    -0.17   0.00  -0.64
   5   6    -0.17   0.00  -0.82    -0.00  -0.75  -0.00     0.11  -0.00   0.27
   6   8     0.11  -0.00   0.38     0.00   0.39   0.00     0.02   0.00  -0.15
   7  17     0.00   0.05  -0.00     0.05   0.07   0.01     0.00   0.03   0.02
   8  17     0.00  -0.05  -0.00    -0.05   0.07  -0.01     0.00  -0.03   0.02
                     13                     14                     15
                        a                      a                      a 
 Frequencies --   743.7245               912.4844              1302.0008
 Red. masses --     3.2182                18.7977                 4.5251
 Frc consts  --     0.0000                 0.0000                 0.0000
 IR Inten    --    86.6873                13.8217                26.1000
 Raman Activ --     0.0000                 0.0000                 0.0000
 Depolar     --     0.0000                 0.0000                 0.0000
 Atom AN      X      Y      Z        X      Y      Z        X      Y      Z
   1  44     0.00   0.00  -0.00     0.01   0.00   0.34     0.00   0.00   0.08
   2   6     0.00   0.44  -0.00    -0.06   0.00  -0.77     0.06  -0.00  -0.51
   3   1    -0.00  -0.68   0.00     0.17  -0.00  -0.44    -0.46   0.00   0.40
   4   1    -0.00  -0.58   0.00    -0.04  -0.00  -0.27     0.26   0.00   0.54
   5   6    -0.00   0.01  -0.00     0.01   0.00   0.01     0.01  -0.00   0.00
   6   8    -0.00  -0.01   0.00     0.01   0.00  -0.01    -0.00  -0.00  -0.00
   7  17    -0.00  -0.02   0.00    -0.00   0.00  -0.00    -0.00  -0.00   0.00
   8  17     0.00  -0.02  -0.00    -0.00  -0.00  -0.00    -0.00   0.00   0.00
                     16                     17                     18
                        a                      a                      a 
 Frequencies --  1956.4183              2747.6422              2927.4182
 Red. masses --    13.6969                 1.6535                 1.8824
 Frc consts  --     0.0000                 0.0000                 0.0000
 IR Inten    --  1311.3599                12.8577                 1.1273
 Raman Activ --     0.0000                 0.0000                 0.0000
 Depolar     --     0.0000                 0.0000                 0.0000
 Atom AN      X      Y      Z        X      Y      Z        X      Y      Z
   1  44    -0.00  -0.00  -0.00     0.00  -0.00  -0.00     0.00   0.00  -0.00
   2   6     0.00  -0.00   0.00     0.22  -0.00  -0.11     0.22   0.00   0.17
   3   1     0.00   0.00  -0.00     0.12   0.00   0.06    -0.71  -0.00  -0.64
   4   1    -0.00   0.00  -0.00    -0.89   0.00   0.36    -0.08   0.00   0.06
   5   6     0.74   0.00  -0.17    -0.00  -0.00   0.00    -0.00  -0.00   0.00
   6   8    -0.63   0.00   0.14     0.00  -0.00  -0.00     0.00  -0.00  -0.00
   7  17    -0.00   0.00   0.00     0.00   0.00   0.00    -0.00  -0.00   0.00
   8  17    -0.00  -0.00   0.00     0.00  -0.00   0.00    -0.00   0.00   0.00
